\BOOKMARK [1][-]{section.1}{\376\377\000R\000e\000s\000u\000m\000e\000n\000\040\000E\000j\000e\000c\000u\000t\000i\000v\000o\000\040\000e\000\040\000I\000n\000t\000r\000o\000d\000u\000c\000c\000i\000\363\000n}{}% 1
\BOOKMARK [1][-]{section.2}{\376\377\000I\000m\000p\000o\000r\000t\000a\000n\000c\000i\000a\000\040\000d\000e\000l\000\040\000p\000r\000o\000y\000e\000c\000t\000o\000\040\000e\000n\000\040\000b\000a\000s\000e\000\040\000a\000l\000\040\000c\000o\000n\000t\000e\000x\000t\000o\000\040\000y\000\040\000l\000a\000\040\000e\000v\000i\000d\000e\000n\000c\000i\000a}{}% 2
\BOOKMARK [2][-]{subsection.2.1}{\376\377\000B\000r\000e\000v\000e\000\040\000c\000o\000n\000t\000e\000x\000t\000o\000\040\000d\000e\000\040\000l\000a\000\040\000R\000e\000i\000n\000s\000e\000r\000c\000i\000\363\000n\000\040\000e\000n\000\040\000C\000h\000i\000l\000e}{section.2}% 3
\BOOKMARK [2][-]{subsection.2.2}{\376\377\000P\000o\000b\000l\000a\000c\000i\000\363\000n\000\040\000A\000t\000e\000n\000d\000i\000d\000a\000\040\000y\000\040\000C\000a\000r\000a\000c\000t\000e\000r\000i\000z\000a\000c\000i\000\363\000n\000\040\000d\000e\000l\000\040\000S\000i\000s\000t\000e\000m\000a\000\040\000P\000e\000n\000i\000t\000e\000n\000c\000i\000a\000r\000i\000o}{section.2}% 4
\BOOKMARK [3][-]{subsubsection.2.2.1}{\376\377\000R\000a\000d\000i\000o\000g\000r\000a\000f\000\355\000a\000\040\000d\000e\000\040\000l\000a\000s\000\040\000P\000e\000r\000s\000o\000n\000a\000s\000\040\000P\000r\000i\000v\000a\000d\000a\000s\000\040\000d\000e\000\040\000L\000i\000b\000e\000r\000t\000a\000d\000\040\000\050\000R\000\351\000g\000i\000m\000e\000n\000\040\000C\000e\000r\000r\000a\000d\000o\000\051}{subsection.2.2}% 5
\BOOKMARK [3][-]{subsubsection.2.2.2}{\376\377\000R\000e\000i\000n\000s\000e\000r\000c\000i\000\363\000n\000\040\000S\000o\000c\000i\000a\000l\000\040\000J\000u\000v\000e\000n\000i\000l\000\040\000y\000\040\000T\000e\000n\000d\000e\000n\000c\000i\000a\000s\000\040\000d\000e\000\040\000C\000r\000i\000m\000i\000n\000a\000l\000i\000d\000a\000d}{subsection.2.2}% 6
\BOOKMARK [2][-]{subsection.2.3}{\376\377\000P\000r\000o\000b\000l\000e\000m\000a\000t\000i\000z\000a\000c\000i\000\363\000n\000\040\000y\000\040\000J\000u\000s\000t\000i\000f\000i\000c\000a\000c\000i\000\363\000n\000\040\000d\000e\000l\000\040\000E\000s\000t\000u\000d\000i\000o}{section.2}% 7
\BOOKMARK [1][-]{section.3}{\376\377\000O\000b\000j\000e\000t\000i\000v\000o\000s\000\040\000y\000\040\000p\000r\000e\000g\000u\000n\000t\000a\000s}{}% 8
\BOOKMARK [2][-]{subsection.3.1}{\376\377\000P\000r\000e\000g\000u\000n\000t\000a\000s\000\040\000d\000e\000\040\000I\000n\000v\000e\000s\000t\000i\000g\000a\000c\000i\000\363\000n}{section.3}% 9
\BOOKMARK [2][-]{subsection.3.2}{\376\377\000O\000b\000j\000e\000t\000i\000v\000o\000s\000\040\000d\000e\000l\000\040\000E\000s\000t\000u\000d\000i\000o}{section.3}% 10
\BOOKMARK [1][-]{section.4}{\376\377\000M\000\351\000t\000o\000d\000o}{}% 11
\BOOKMARK [2][-]{subsection.4.1}{\376\377\000F\000a\000s\000e\000\040\0001\000:\000\040\000D\000e\000s\000k\000\040\000R\000e\000s\000e\000a\000r\000c\000h\000\040\000y\000\040\000M\000a\000r\000c\000o\000\040\000O\000p\000e\000r\000a\000t\000i\000v\000o\000\040\000\050\000S\000e\000m\000a\000n\000a\000s\000\040\0001\040\023\0002\000\051}{section.4}% 12
\BOOKMARK [2][-]{subsection.4.2}{\376\377\000F\000a\000s\000e\000\040\0002\000:\000\040\000L\000e\000v\000a\000n\000t\000a\000m\000i\000e\000n\000t\000o\000\040\000d\000e\000\040\000C\000a\000s\000o\000s\000\040\000M\000\372\000l\000t\000i\000p\000l\000e\000s\000\040\000\050\000S\000e\000m\000a\000n\000a\000s\000\040\0003\040\023\0007\000\051}{section.4}% 13
\BOOKMARK [2][-]{subsection.4.3}{\376\377\000F\000a\000s\000e\000\040\0003\000:\000\040\000A\000n\000\341\000l\000i\000s\000i\000s\000\040\000C\000a\000u\000s\000a\000l\000,\000\040\000T\000i\000p\000o\000l\000o\000g\000\355\000a\000\040\000y\000\040\000P\000r\000o\000p\000u\000e\000s\000t\000a\000\040\000\050\000S\000e\000m\000a\000n\000a\000s\000\040\0008\040\023\0001\0003\000\051}{section.4}% 14
\BOOKMARK [1][-]{section.5}{\376\377\000E\000q\000u\000i\000p\000o\000\040\000y\000\040\000\311\000t\000i\000c\000a}{}% 15
\BOOKMARK [2][-]{subsection.5.1}{\376\377\000G\000o\000b\000e\000r\000n\000a\000n\000z\000a\000\040\000I\000n\000s\000t\000i\000t\000u\000c\000i\000o\000n\000a\000l\000\040\000d\000e\000l\000\040\000P\000r\000o\000y\000e\000c\000t\000o}{section.5}% 16
\BOOKMARK [2][-]{subsection.5.2}{\376\377\000R\000o\000l\000e\000s\000\040\000y\000\040\000R\000e\000s\000p\000o\000n\000s\000a\000b\000i\000l\000i\000d\000a\000d\000e\000s}{section.5}% 17
\BOOKMARK [2][-]{subsection.5.3}{\376\377\000G\000o\000b\000e\000r\000n\000a\000n\000z\000a\000\040\000\311\000t\000i\000c\000a\000\040\000y\000\040\000R\000e\000s\000g\000u\000a\000r\000d\000o\000\040\000d\000e\000\040\000D\000a\000t\000o\000s}{section.5}% 18
\BOOKMARK [1][-]{section.6}{\376\377\000C\000r\000o\000n\000o\000g\000r\000a\000m\000a\000\040\000y\000\040\000E\000n\000t\000r\000e\000g\000a\000b\000l\000e\000s}{}% 19
\BOOKMARK [2][-]{subsection.6.1}{\376\377\000P\000l\000a\000n\000\040\000d\000e\000\040\000T\000r\000a\000b\000a\000j\000o\000\040\000\050\0001\0003\000\040\000S\000e\000m\000a\000n\000a\000s\000\051}{section.6}% 20
\BOOKMARK [2][-]{subsection.6.2}{\376\377\000P\000a\000q\000u\000e\000t\000e\000\040\000d\000e\000\040\000E\000n\000t\000r\000e\000g\000a\000b\000l\000e\000s\000\040\000p\000a\000r\000a\000\040\000l\000a\000\040\000D\000i\000r\000e\000c\000t\000i\000v\000a}{section.6}% 21
